[INFO] Scanning for projects...
[INFO] 
[INFO] -----------------------< com.example:ecommerce >------------------------
[INFO] Building  0.0.1-SNAPSHOT
[INFO]   from pom.xml
[INFO] --------------------------------[ jar ]---------------------------------
[INFO] 
[INFO] >>> spring-boot:4.1.0:run (default-cli) > test-compile @ ecommerce >>>
[INFO] 
[INFO] --- resources:3.5.0:resources (default-resources) @ ecommerce ---
[INFO] Copying 1 resource from src\main\resources to target\classes
[INFO] Copying 0 resource from src\main\resources to target\classes
[INFO] 
[INFO] --- compiler:3.15.0:compile (default-compile) @ ecommerce ---
[INFO] Nothing to compile - all classes are up to date.
[INFO] 
[INFO] --- resources:3.5.0:testResources (default-testResources) @ ecommerce ---
[INFO] skip non existing resourceDirectory D:\castlevania\springboot tution\ecommerce\src\test\resources
[INFO] 
[INFO] --- compiler:3.15.0:testCompile (default-testCompile) @ ecommerce ---
[INFO] Nothing to compile - all classes are up to date.
[INFO] 
[INFO] <<< spring-boot:4.1.0:run (default-cli) < test-compile @ ecommerce <<<
[INFO] 
[INFO] 
[INFO] --- spring-boot:4.1.0:run (default-cli) @ ecommerce ---
[INFO] Attaching agents: []

  .   ____          _            __ _ _
 /\\ / ___'_ __ _ _(_)_ __  __ _ \ \ \ \
( ( )\___ | '_ | '_| | '_ \/ _` | \ \ \ \
 \\/  ___)| |_)| | | | | || (_| |  ) ) ) )
  '  |____| .__|_| |_|_| |_\__, | / / / /
 =========|_|==============|___/=/_/_/_/

 :: Spring Boot ::                (v4.1.0)

2026-08-07T23:05:25.680+05:30  INFO 4692 --- [ecommerce] [           main] c.e.ecommerce.EcommerceApplication       : Starting EcommerceApplication using Java 21.0.11 with PID 4692 (D:\castlevania\springboot tution\ecommerce\target\classes started by gaura in D:\castlevania\springboot tution\ecommerce)
2026-08-07T23:05:25.683+05:30  INFO 4692 --- [ecommerce] [           main] c.e.ecommerce.EcommerceApplication       : No active profile set, falling back to 1 default profile: "default"
2026-08-07T23:05:26.118+05:30  INFO 4692 --- [ecommerce] [           main] .s.d.r.c.RepositoryConfigurationDelegate : Bootstrapping Spring Data JPA repositories in DEFAULT mode.
2026-08-07T23:05:26.163+05:30  INFO 4692 --- [ecommerce] [           main] .s.d.r.c.RepositoryConfigurationDelegate : Finished Spring Data repository scanning in 39 ms. Found 2 JPA repository interfaces.
2026-08-07T23:05:26.482+05:30  INFO 4692 --- [ecommerce] [           main] o.s.boot.tomcat.TomcatWebServer          : Tomcat initialized with port 3030 (http)
2026-08-07T23:05:26.493+05:30  INFO 4692 --- [ecommerce] [           main] o.apache.catalina.core.StandardService   : Starting service [Tomcat]
2026-08-07T23:05:26.494+05:30  INFO 4692 --- [ecommerce] [           main] o.apache.catalina.core.StandardEngine    : Starting Servlet engine: [Apache Tomcat/11.0.22]
2026-08-07T23:05:26.537+05:30  INFO 4692 --- [ecommerce] [           main] b.w.c.s.WebApplicationContextInitializer : Root WebApplicationContext: initialization completed in 820 ms
2026-08-07T23:05:26.658+05:30  INFO 4692 --- [ecommerce] [           main] org.hibernate.orm.jpa                    : HHH008540: Processing PersistenceUnitInfo [name: default]
2026-08-07T23:05:26.696+05:30  INFO 4692 --- [ecommerce] [           main] org.hibernate.orm.core                   : HHH000001: Hibernate ORM core version 7.4.1.Final
2026-08-07T23:05:27.017+05:30  INFO 4692 --- [ecommerce] [           main] o.s.o.j.p.SpringPersistenceUnitInfo      : No LoadTimeWeaver setup: ignoring JPA class transformer
2026-08-07T23:05:27.041+05:30  INFO 4692 --- [ecommerce] [           main] com.zaxxer.hikari.HikariDataSource       : HikariPool-1 - Starting...
2026-08-07T23:05:27.175+05:30  INFO 4692 --- [ecommerce] [           main] com.zaxxer.hikari.pool.HikariPool        : HikariPool-1 - Added connection org.postgresql.jdbc.PgConnection@15cee630
2026-08-07T23:05:27.177+05:30  INFO 4692 --- [ecommerce] [           main] com.zaxxer.hikari.HikariDataSource       : HikariPool-1 - Start completed.
2026-08-07T23:05:27.231+05:30  INFO 4692 --- [ecommerce] [           main] org.hibernate.orm.connections.pooling    : HHH10001005: Database info:
	Database JDBC URL [jdbc:postgresql://localhost:5432/ecommerce]
	Database driver: PostgreSQL JDBC Driver
	Database dialect: PostgreSQLDialect
	Database version: 18.4
	Default catalog/schema: ecommerce/public
	Autocommit mode: undefined/unknown
	Isolation level: READ_COMMITTED [default READ_COMMITTED]
	JDBC fetch size: none
	Pool: DataSourceConnectionProvider
	Minimum pool size: undefined/unknown
	Maximum pool size: undefined/unknown
2026-08-07T23:05:28.056+05:30  INFO 4692 --- [ecommerce] [           main] org.hibernate.orm.core                   : HHH000489: No JTA platform available (set 'hibernate.transaction.jta.platform' to enable JTA platform integration)
2026-08-07T23:05:28.135+05:30  INFO 4692 --- [ecommerce] [           main] j.LocalContainerEntityManagerFactoryBean : Initialized JPA EntityManagerFactory for persistence unit 'default'
2026-08-07T23:05:28.195+05:30  INFO 4692 --- [ecommerce] [           main] o.s.d.j.r.query.QueryEnhancerFactories   : Hibernate is in classpath; If applicable, HQL parser will be used.
2026-08-07T23:05:28.722+05:30  WARN 4692 --- [ecommerce] [           main] JpaBaseConfiguration$JpaWebConfiguration : spring.jpa.open-in-view is enabled by default. Therefore, database queries may be performed during view rendering. Explicitly configure spring.jpa.open-in-view to disable this warning
2026-08-07T23:05:28.944+05:30  INFO 4692 --- [ecommerce] [           main] o.s.boot.tomcat.TomcatWebServer          : Tomcat started on port 3030 (http) with context path '/'
2026-08-07T23:05:28.949+05:30  INFO 4692 --- [ecommerce] [           main] c.e.ecommerce.EcommerceApplication       : Started EcommerceApplication in 3.581 seconds (process running for 3.877)
2026-08-07T23:05:57.074+05:30  INFO 4692 --- [ecommerce] [nio-3030-exec-1] o.a.c.c.C.[Tomcat].[localhost].[/]       : Initializing Spring DispatcherServlet 'dispatcherServlet'
2026-08-07T23:05:57.074+05:30  INFO 4692 --- [ecommerce] [nio-3030-exec-1] o.s.web.servlet.DispatcherServlet        : Initializing Servlet 'dispatcherServlet'
2026-08-07T23:05:57.075+05:30  INFO 4692 --- [ecommerce] [nio-3030-exec-1] o.s.web.servlet.DispatcherServlet        : Completed initialization in 1 ms
Hibernate: select c1_0.id,c1_0.name from categories c1_0 order by c1_0.name
Hibernate: select c1_0.id,c1_0.name from categories c1_0 order by c1_0.name
Hibernate: select p1_0.id,p1_0.category_id,p1_0.description,p1_0.is_active,p1_0.name,p1_0.price,p1_0.quantity,p1_0.thumbnail from products p1_0 offset ? rows fetch first ? rows only
2026-08-07T23:06:13.584+05:30  WARN 4692 --- [ecommerce] [nio-3030-exec-4] ration$PageModule$WarningLoggingModifier : Serializing PageImpl instances as-is is not supported, meaning that there is no guarantee about the stability of the resulting JSON structure!
	For a stable JSON structure, please use Spring Data's PagedModel (globally via @EnableSpringDataWebSupport(pageSerializationMode = VIA_DTO))
	or Spring HATEOAS and Spring Data's PagedResourcesAssembler as documented in https://docs.spring.io/spring-data/commons/reference/repositories/core-extensions.html#core.web.pageables.

2026-08-07T23:06:34.531+05:30  WARN 4692 --- [ecommerce] [nio-3030-exec-6] .w.s.m.s.DefaultHandlerExceptionResolver : Resolved [org.springframework.web.bind.MissingServletRequestParameterException: Required request parameter 'page' for method parameter type int is not present]
2026-08-07T23:07:07.570+05:30  INFO 4692 --- [ecommerce] [ionShutdownHook] o.s.boot.tomcat.GracefulShutdown         : Commencing graceful shutdown. Waiting for active requests to complete
2026-08-07T23:07:07.576+05:30  INFO 4692 --- [ecommerce] [tomcat-shutdown] o.s.boot.tomcat.GracefulShutdown         : Graceful shutdown complete
2026-08-07T23:07:07.578+05:30  INFO 4692 --- [ecommerce] [ionShutdownHook] j.LocalContainerEntityManagerFactoryBean : Closing JPA EntityManagerFactory for persistence unit 'default'
2026-08-07T23:07:07.580+05:30  INFO 4692 --- [ecommerce] [ionShutdownHook] com.zaxxer.hikari.HikariDataSource       : HikariPool-1 - Shutdown initiated...
2026-08-07T23:07:07.582+05:30  INFO 4692 --- [ecommerce] [ionShutdownHook] com.zaxxer.hikari.HikariDataSource       : HikariPool-1 - Shutdown completed.
[INFO] ------------------------------------------------------------------------
[INFO] BUILD SUCCESS
[INFO] ------------------------------------------------------------------------
[INFO] Total time:  01:44 min
[INFO] Finished at: 2026-08-07T23:07:07+05:30
[INFO] ------------------------------------------------------------------------
Terminate batch job (Y/N)? 