[INFO] Scanning for projects...
[INFO] 
[INFO] -----------------------< com.example:ecommerce >------------------------
[INFO] Building  0.0.1-SNAPSHOT
[INFO]   from pom.xml
[INFO] --------------------------------[ jar ]---------------------------------
[INFO] 
[INFO] >>> spring-boot:4.1.0:run (default-cli) > test-compile @ ecommerce >>>
[INFO] 
[INFO] --- resources:3.5.0:resources (default-resources) @ ecommerce ---
[INFO] Copying 1 resource from src\main\resources to target\classes
[INFO] Copying 0 resource from src\main\resources to target\classes
[INFO] 
[INFO] --- compiler:3.15.0:compile (default-compile) @ ecommerce ---
[INFO] Nothing to compile - all classes are up to date.
[INFO] 
[INFO] --- resources:3.5.0:testResources (default-testResources) @ ecommerce ---
[INFO] skip non existing resourceDirectory D:\castlevania\springboot tution\ecommerce\src\test\resources
[INFO] 
[INFO] --- compiler:3.15.0:testCompile (default-testCompile) @ ecommerce ---
[INFO] Nothing to compile - all classes are up to date.
[INFO] 
[INFO] <<< spring-boot:4.1.0:run (default-cli) < test-compile @ ecommerce <<<
[INFO] 
[INFO] 
[INFO] --- spring-boot:4.1.0:run (default-cli) @ ecommerce ---
[INFO] Attaching agents: []

  .   ____          _            __ _ _
 /\\ / ___'_ __ _ _(_)_ __  __ _ \ \ \ \
( ( )\___ | '_ | '_| | '_ \/ _` | \ \ \ \
 \\/  ___)| |_)| | | | | || (_| |  ) ) ) )
  '  |____| .__|_| |_|_| |_\__, | / / / /
 =========|_|==============|___/=/_/_/_/

 :: Spring Boot ::                (v4.1.0)

2026-08-10T09:31:21.414+05:30  INFO 25440 --- [ecommerce] [           main] c.e.ecommerce.EcommerceApplication       : Starting EcommerceApplication using Java 21.0.11 with PID 25440 (D:\castlevania\springboot tution\ecommerce\target\classes started by gaura in D:\castlevania\springboot tution\ecommerce)
2026-08-10T09:31:21.417+05:30  INFO 25440 --- [ecommerce] [           main] c.e.ecommerce.EcommerceApplication       : No active profile set, falling back to 1 default profile: "default"
2026-08-10T09:31:22.038+05:30  INFO 25440 --- [ecommerce] [           main] .s.d.r.c.RepositoryConfigurationDelegate : Bootstrapping Spring Data JPA repositories in DEFAULT mode.
2026-08-10T09:31:22.108+05:30  INFO 25440 --- [ecommerce] [           main] .s.d.r.c.RepositoryConfigurationDelegate : Finished Spring Data repository scanning in 63 ms. Found 3 JPA repository interfaces.
2026-08-10T09:31:22.517+05:30  INFO 25440 --- [ecommerce] [           main] o.s.boot.tomcat.TomcatWebServer          : Tomcat initialized with port 3030 (http)
2026-08-10T09:31:22.537+05:30  INFO 25440 --- [ecommerce] [           main] o.apache.catalina.core.StandardService   : Starting service [Tomcat]
2026-08-10T09:31:22.537+05:30  INFO 25440 --- [ecommerce] [           main] o.apache.catalina.core.StandardEngine    : Starting Servlet engine: [Apache Tomcat/11.0.22]
2026-08-10T09:31:22.599+05:30  INFO 25440 --- [ecommerce] [           main] b.w.c.s.WebApplicationContextInitializer : Root WebApplicationContext: initialization completed in 1130 ms
2026-08-10T09:31:22.789+05:30  INFO 25440 --- [ecommerce] [           main] org.hibernate.orm.jpa                    : HHH008540: Processing PersistenceUnitInfo [name: default]
2026-08-10T09:31:22.838+05:30  INFO 25440 --- [ecommerce] [           main] org.hibernate.orm.core                   : HHH000001: Hibernate ORM core version 7.4.1.Final
2026-08-10T09:31:23.256+05:30  INFO 25440 --- [ecommerce] [           main] o.s.o.j.p.SpringPersistenceUnitInfo      : No LoadTimeWeaver setup: ignoring JPA class transformer
2026-08-10T09:31:23.285+05:30  INFO 25440 --- [ecommerce] [           main] com.zaxxer.hikari.HikariDataSource       : HikariPool-1 - Starting...
2026-08-10T09:31:23.461+05:30  INFO 25440 --- [ecommerce] [           main] com.zaxxer.hikari.pool.HikariPool        : HikariPool-1 - Added connection org.postgresql.jdbc.PgConnection@631944d4
2026-08-10T09:31:23.463+05:30  INFO 25440 --- [ecommerce] [           main] com.zaxxer.hikari.HikariDataSource       : HikariPool-1 - Start completed.
2026-08-10T09:31:23.533+05:30  INFO 25440 --- [ecommerce] [           main] org.hibernate.orm.connections.pooling    : HHH10001005: Database info:
	Database JDBC URL [jdbc:postgresql://localhost:5432/ecommerce]
	Database driver: PostgreSQL JDBC Driver
	Database dialect: PostgreSQLDialect
	Database version: 18.4
	Default catalog/schema: ecommerce/public
	Autocommit mode: undefined/unknown
	Isolation level: READ_COMMITTED [default READ_COMMITTED]
	JDBC fetch size: none
	Pool: DataSourceConnectionProvider
	Minimum pool size: undefined/unknown
	Maximum pool size: undefined/unknown
2026-08-10T09:31:24.623+05:30  INFO 25440 --- [ecommerce] [           main] org.hibernate.orm.core                   : HHH000489: No JTA platform available (set 'hibernate.transaction.jta.platform' to enable JTA platform integration)
2026-08-10T09:31:24.728+05:30  INFO 25440 --- [ecommerce] [           main] j.LocalContainerEntityManagerFactoryBean : Initialized JPA EntityManagerFactory for persistence unit 'default'
2026-08-10T09:31:24.802+05:30  INFO 25440 --- [ecommerce] [           main] o.s.d.j.r.query.QueryEnhancerFactories   : Hibernate is in classpath; If applicable, HQL parser will be used.
2026-08-10T09:31:25.603+05:30  WARN 25440 --- [ecommerce] [           main] JpaBaseConfiguration$JpaWebConfiguration : spring.jpa.open-in-view is enabled by default. Therefore, database queries may be performed during view rendering. Explicitly configure spring.jpa.open-in-view to disable this warning
2026-08-10T09:31:25.942+05:30  INFO 25440 --- [ecommerce] [           main] o.s.boot.tomcat.TomcatWebServer          : Tomcat started on port 3030 (http) with context path '/'
2026-08-10T09:31:25.949+05:30  INFO 25440 --- [ecommerce] [           main] c.e.ecommerce.EcommerceApplication       : Started EcommerceApplication in 4.954 seconds (process running for 5.339)
